     1                                  bits 32
     2                                  global convert
     3                                  
     4                                  extern fopen, fclose, fprintf
     5                                  import fopen msvcrt.dll
     6                                  import fclose msvcrt.dll
     7                                  import fprintf msvcrt.dll
     8                                  
     9                                  
    10                                  segment data use32 class = data
    11 00000000 726573756C742E7478-         file_name db "result.txt", 0
    11 00000009 7400               
    12 0000000B 6100                        access_mode db "a", 0
    13 0000000D FFFFFFFF                    file_descr dd -1
    14                                  
    15 00000011 4E756D626572202564-         w_format db "Number %d: <base8> %o, <ascii> %c%c", 0
    15 0000001A 3A203C62617365383E-
    15 00000023 20256F2C203C617363-
    15 0000002C 69693E202563256300 
    16 00000035 00000000                    number dd 0
    17                                  
    18                                  segment code use32 public code
    19                                      convert:
    20 00000000 68[0B000000]                    push dword access_mode
    21 00000005 68[00000000]                    push dword file_name
    22 0000000A FF15[00000000]                  call [fopen]
    23 00000010 83C408                          add esp, 4 * 2
    24                                          
    25 00000013 A3[0D000000]                    mov [file_descr], eax
    26 00000018 83F800                          cmp eax, 0
    27 0000001B 7441                            je final
    28                                      
    29 0000001D 8B5C2404                        mov ebx, [esp + 4]
    30 00000021 891D[35000000]                  mov [number], ebx
    31                                      
    32 00000027 6A0A                            push dword 10
    33 00000029 FF35[35000000]                  push dword [number]
    34 0000002F FF35[35000000]                  push dword [number]
    35 00000035 FF35[35000000]                  push dword [number]
    36 0000003B 68[11000000]                    push dword w_format
    37 00000040 FF35[0D000000]                  push dword [file_descr]
    38 00000046 FF15[00000000]                  call [fprintf]
    39 0000004C 83C418                          add esp, 4 * 6
    40                                          
    41 0000004F FF35[0D000000]                  push dword [file_descr]
    42 00000055 FF15[00000000]                  call [fclose]
    43 0000005B 83C404                          add esp, 4 * 1
    44                                          
    45                                          final:
    46                                          
    47 0000005E C20400                          ret 4
