     1                                  bits 32
     2                                  
     3                                  global start
     4                                  
     5                                  extern exit
     6                                  
     7                                  import exit msvcrt.dll
     8                                  
     9                                  segment data use32 class=data
    10                                  
    11 00000000 05                      a db 5
    12 00000001 06                      b db 6
    13                                  
    14                                  segment code use32 class=code
    15                                  start:
    16                                  
    17 00000000 A0[00000000]                mov al, [a]; al=a 
    18 00000005 8A1D[01000000]              mov bl, [b]; bl=b
    19 0000000B 28D8                        sub al, bl; al=al-bl
    20                                  
    21 0000000D 6A00                    push dword 0
    22 0000000F FF15[00000000]          call [exit]
