     1                                  bits 32
     2                                  
     3                                  global start
     4                                  
     5                                  extern exit
     6                                  
     7                                  import exit msvcrt.dll
     8                                  
     9                                  segment data use32 class=data
    10                                  
    11 00000000 0400                    a dw 4
    12 00000002 0C00                    b dw 12
    13 00000004 0500                    c dw 5
    14 00000006 0200                    d dw 2
    15                                  
    16                                  segment code use32 class=code
    17                                  start:
    18                                  
    19 00000000 668B1D[02000000]            mov bx, [b] ;bx=b 
    20 00000007 66031D[02000000]            add bx, [b]; bx=b+b 
    21 0000000E 66A1[00000000]              mov ax, [a]; ax=a
    22 00000014 660305[06000000]            add ax, [d]; ax=a+d 
    23 0000001B 662B1D[04000000]            sub bx, [c]; bx= (b+b)-c
    24 00000022 6629C3                      sub bx, ax; bx= (b+b)-c-(a+d)
    25                                      
    26                                  
    27 00000025 6A00                    push dword 0
    28 00000027 FF15[00000000]          call [exit]
