     1                                  bits 32 
     2                                  global start
     3                                  
     4                                  extern exit, printf, scanf, fopen, fclose, fprintf
     5                                  import exit msvcrt.dll
     6                                  import printf msvcrt.dll
     7                                  import scanf msvcrt.dll
     8                                  import fclose msvcrt.dll
     9                                  import fopen msvcrt.dll
    10                                  import fprintf msvcrt.dll
    11                                  
    12                                  extern convert
    13                                  
    14                                  
    15                                  segment data use32 class = data
    16 00000000 7265732E74787400            file_name db "res.txt", 0
    17 00000008 6100                        access_mode db "a", 0
    18 0000000A FFFFFFFF                    file_descr dd -1
    19                                  
    20 0000000E 00000000                    counter dd 0
    21 00000012 00000000                    number dd 0
    22 00000016 00000000                    result dd 0
    23 0000001A 2575256300                  w_format db "%u%c", 0
    24 0000001F 257500                      r_format db "%u", 0
    25                                  
    26                                      
    27                                  segment code use32 class = code
    28                                      start:
    29 00000000 68[08000000]                    push dword access_mode
    30 00000005 68[00000000]                    push dword file_name
    31 0000000A FF15[00000000]                  call [fopen]
    32 00000010 83C408                          add esp, 4 * 2
    33                                          
    34 00000013 A3[0A000000]                    mov [file_descr], eax
    35 00000018 83F800                          cmp eax, 0
    36 0000001B 7468                            je final
    37                                      
    38 0000001D 68[0E000000]                    push dword counter
    39 00000022 68[1F000000]                    push dword r_format
    40 00000027 FF15[00000000]                  call [scanf]
    41 0000002D 83C408                          add esp, 4 * 2
    42                                          
    43                                          reads:
    44 00000030 833D[0E000000]00                    cmp dword [counter], 0
    45 00000037 743D                                je exit_reads
    46                                  
    47 00000039 68[12000000]                        push dword number
    48 0000003E 68[1F000000]                        push dword r_format
    49 00000043 FF15[00000000]                      call [scanf]
    50 00000049 83C408                              add esp, 4 * 2
    51                                              
    52 0000004C FF35[12000000]                      push dword [number]
    53 00000052 E8(00000000)                        call convert
    54                                              
    55 00000057 6A0A                                push dword 10
    56 00000059 50                                  push eax
    57 0000005A 68[1A000000]                        push dword w_format
    58 0000005F FF35[0A000000]                      push dword [file_descr]
    59 00000065 FF15[00000000]                      call [fprintf]
    60 0000006B 83C410                              add esp, 4 * 4
    61                                              
    62 0000006E FF0D[0E000000]                      dec dword [counter]
    63 00000074 EBBA                                jmp reads
    64                                              
    65                                          exit_reads:
    66                                          
    67 00000076 FF35[0A000000]                  push dword [file_descr]
    68 0000007C FF15[00000000]                  call [fclose]
    69 00000082 83C404                          add esp, 4 * 1
    70                                          
    71                                          final:
    72 00000085 6A00                                push dword 0
    73 00000087 FF15[00000000]                      call [exit]
