     1                                  bits 32
     2                                  global start
     3                                  
     4                                  extern exit, fopen, fclose, fread, printf
     5                                  import exit msvcrt.dll
     6                                  import fopen msvcrt.dll
     7                                  import fclose msvcrt.dll
     8                                  import fread msvcrt.dll
     9                                  import printf msvcrt.dll
    10                                  
    11                                  
    12                                  segment data use32 class = data
    13 00000000 696E7075742E747874-         file_name db "input.txt", 0
    13 00000009 00                 
    14 0000000A 7200                        file_mode db "r", 0
    15 0000000C FFFFFFFF                    file_descr dd -1
    16                                      
    17                                      max_len equ 100
    18 00000010 <res 00000064>              buffer resb max_len
    19                                      
    20 00000074 0000<rept>                  ans times 100 db 0, 0
    21                                      
    22 0000013C 257300                      w_format db "%s", 0
    23                                      
    24                                  
    25                                  segment code use32 class = code
    26                                      start:
    27 00000000 68[0A000000]                    push dword file_mode
    28 00000005 68[00000000]                    push dword file_name
    29 0000000A FF15[00000000]                  call [fopen]
    30 00000010 83C408                          add esp, 4 * 2
    31                                          
    32 00000013 A3[0C000000]                    mov [file_descr], eax
    33 00000018 83F800                          cmp eax, 0
    34 0000001B 7457                            je final
    35                                          
    36 0000001D FF35[0C000000]                  push dword [file_descr]
    37 00000023 6A64                            push dword max_len
    38 00000025 6A01                            push dword 1
    39 00000027 68[10000000]                    push dword buffer
    40 0000002C FF15[00000000]                  call [fread]
    41 00000032 83C410                          add esp, 4 * 4
    42                                          
    43 00000035 89C7                            mov edi, eax
    44 00000037 4F                              dec edi
    45                                          
    46 00000038 BE00000000                      mov esi, 0
    47                                          
    48                                          rep_1:
    49 0000003D 83FFFF                              cmp edi, -1
    50 00000040 7410                                je exit_rep_1
    51                                          
    52 00000042 8A87[10000000]                      mov al, [buffer + edi]
    53 00000048 8886[74000000]                      mov [ans + esi], al
    54                                              
    55 0000004E 46                                  inc esi
    56 0000004F 4F                                  dec edi
    57 00000050 EBEB                                jmp rep_1
    58                                          
    59                                          exit_rep_1:
    60 00000052 68[74000000]                    push dword ans
    61 00000057 68[3C010000]                    push dword w_format
    62 0000005C FF15[00000000]                  call [printf]
    63 00000062 83C408                          add esp, 4 * 2
    64                                          
    65 00000065 FF35[0C000000]                  push dword [file_descr]
    66 0000006B FF15[00000000]                  call [fclose]
    67 00000071 83C404                          add esp, 4 * 1
    68                                          
    69                                          final:
    70 00000074 6A00                            push dword 0
    71 00000076 FF15[00000000]                  call [exit]
